{
  "payload":{
    "bin":"VGVzdCBiaW4=",
    "url":"www.testurl.com"
  },
  "hashes":{
    "sha1":"aGFzaCBzaGEx",
    "sha256":"aGFzaCBzaGEyNTY=",
    "md5":"aGFzaCBtZDU="
  },
  "mime_type":"My MIME Type"
}