{
  "name":"File name",
  "path":"File path",
  "hashes":{
    "sha1":"aGFzaCBzaGEx",
    "sha256":"aGFzaCBzaGEyNTY=",
    "md5":"aGFzaCBtZDU="
  }
}
