{
  "protocol":"tcp",
  "src_addr":"1.2.3.4/24",
  "src_port":8443,
  "dst_addr":"2.3.4.5/16",
  "dst_port":9443
}
