{
  "duration":30000,
  "start_time":1568144664661,
  "stop_time":1568144694661,
  "response_requested":"complete"
}
