{
  "bin":"VGVzdCBiaW4=",
  "url":"www.testurl.com"
}
