{
  "action":"create",
  "target":{
    "artifact":{
      "payload":{
        "bin":"VGVzdCBiaW4=",
        "url":"www.testurl.com"
      },
      "hashes":{
        "sha1":"aGFzaCBzaGEx",
        "sha256":"aGFzaCBzaGEyNTY=",
        "md5":"aGFzaCBtZDU="
      },
      "mime_type":"My MIME Type"
    },
    "device":{
      "hostname":"device hostname",
      "idn_hostname":"device idn hostname",
      "device_id":"Device id"
    },
    "features":[
      "versions","profiles","pairs","rate_limit"
    ],
    "file":{
      "name":"File name",
      "path":"File path",
      "hashes":{
        "sha1":"aGFzaCBzaGEx",
        "sha256":"aGFzaCBzaGEyNTY=",
        "md5":"aGFzaCBtZDU="
      }
    },
    "iri":"My IRI identifier",
    "process":{
      "pid":12354,
      "name":"Process name",
      "cwd":"Process CWD",
      "executable":{
        "name":"File name",
        "path":"File path",
        "hashes":{
          "sha1":"aGFzaCBzaGEx",
          "sha256":"aGFzaCBzaGEyNTY=",
          "md5":"aGFzaCBtZDU="
        }
      },
      "parent":{
        "pid":43521,
        "name":"Process parent name",
        "cwd":"Process parent CWD"
      },
      "command_line":"Process command line statement"
     },
     "properties":[
       "Tag1","Tag2","Tag3","Tag4"
     ],
     "uri":"www.myuri.com",
     "domain_name":"Domain name",
     "email_addr":"Email address",
     "idn_domain_name":"IDN Domain name",
     "idn_email_addr":"IDN Email address",
     "ipv4_net":{
       "ipv4_addr":"10.0.0.0/24"
     },
     "ipv4_connection":{
       "protocol":"tcp",
       "src_addr":"10.0.0.0/24",
       "src_port":8443,
       "dst_addr":"10.0.0.0/24",
       "dst_port":9443
     },
     "ipv6_net":{
       "ipv6_addr":"AE:00:E4:F1:04:65/24"
     },
     "ipv6_connection":{
       "protocol":"tcp",
       "src_addr":"AE:00:E4:F1:04:65/24",
       "src_port":8443,
       "dst_addr":"AE:00:E4:F1:04:65/24",
       "dst_port":9443
     },
     "mac_addr":"VGhpcyBpcyBteSBtYWMgYWRkcmVzcw=="
   },
   "args":{
     "duration":30000,
     "start_time":1568209029693,
     "stop_time":1568209059693,
     "response_requested":"complete"
   },
   "command_id":"My command id is here"
 }
